[2023-11-15T07:55:53Z INFO ] Serial port: '/dev/ttyACM2'
[2023-11-15T07:55:53Z INFO ] Connecting...
[2023-11-15T07:55:53Z INFO ] Using flash stub
   Compiling rust_esp32_std_spi_ili v0.1.0 (/home/conan/git/srbpavel/rust_esp32_std_spi_ili)
    Finished release [optimized] target(s) in 1.85s
Chip type:         esp32c3 (revision v0.4)
Crystal frequency: 40MHz
Flash size:        4MB
Features:          WiFi, BLE
MAC address:       64:e8:33:d7:e8:30
Bootloader:        /home/conan/git/srbpavel/rust_esp32_std_spi_ili/target/riscv32imc-esp-espidf/release/build/esp-idf-sys-0f1779134d1933cb/out/build/bootloader/bootloader.bin
Partition table:   /home/conan/git/srbpavel/rust_esp32_std_spi_ili/target/riscv32imc-esp-espidf/release/build/esp-idf-sys-0f1779134d1933cb/out/build/partition_table/partition-table.bin
App/part. size:    436,192/1,048,576 bytes, 41.60%
[2023-11-15T07:55:59Z INFO ] Flashing has completed!
Commands:
    CTRL+R    Reset chip
    CTRL+C    Exit

ESP-ROM:esp32c3-api1-20210207
Build:Feb  7 2021
rst:0x15 (USB_UART_CHIP_RESET),boot:0xc (SPI_FAST_FLASH_BOOT)
Saved PC:0x40380832[38;5;11m
0x40380832 - spi_intr
    at /home/conan/.espressif/esp-idf/v4.4.6/components/driver/spi_master.c:621[39m
SPIWP:0xee
mode:DIO, clock div:2
load:0x3fcd5810,len:0x168c[38;5;11m
0x3fcd5810 - _heap_start
    at ??:??[39m
load:0x403cc710,len:0x934[38;5;11m
0x403cc710 - _iram_text_end
    at ??:??[39m
load:0x403ce710,len:0x2e48[38;5;11m
0x403ce710 - _iram_text_end
    at ??:??[39m
SHA-256 comparison failed:
Calculated: 05dc74228cdf2cfd2dba4e3ce00e57b5dce26de861d9173e11e8bc21966e6f17
Expected: 22e221d6387298a1f81392afc0ccadd346fa6737a6a0b8b8659d2e1a13db4841
Attempting to boot anyway...
entry 0x403cc710[38;5;11m
0x403cc710 - _iram_text_end
    at ??:??[39m
[0;32mI (43) boot: ESP-IDF v4.4.6-dirty 2nd stage bootloader[0m
[0;32mI (43) boot: compile time 16:28:00[0m
[0;32mI (43) boot: chip revision: v0.4[0m
[0;32mI (45) boot.esp32c3: SPI Speed      : 40MHz[0m
[0;32mI (50) boot.esp32c3: SPI Mode       : DIO[0m
[0;32mI (55) boot.esp32c3: SPI Flash Size : 4MB[0m
[0;32mI (59) boot: Enabling RNG early entropy source...[0m
[0;32mI (65) boot: Partition Table:[0m
[0;32mI (68) boot: ## Label            Usage          Type ST Offset   Length[0m
[0;32mI (76) boot:  0 nvs              WiFi data        01 02 00009000 00006000[0m
[0;32mI (83) boot:  1 phy_init         RF data          01 01 0000f000 00001000[0m
[0;32mI (91) boot:  2 factory          factory app      00 00 00010000 00100000[0m
[0;32mI (98) boot: End of partition table[0m
[0;32mI (102) esp_image: segment 0: paddr=00010020 vaddr=3c050020 size=13c78h ( 81016) map[0m
[0;32mI (128) esp_image: segment 1: paddr=00023ca0 vaddr=3fc8bc00 size=01014h (  4116) load[0m
[0;32mI (129) esp_image: segment 2: paddr=00024cbc vaddr=40380000 size=0b35ch ( 45916) load[0m
[0;32mI (145) esp_image: segment 3: paddr=00030020 vaddr=42000020 size=49fb4h (303028) map[0m
[0;32mI (208) esp_image: segment 4: paddr=00079fdc vaddr=4038b35c size=007d8h (  2008) load[0m
[0;32mI (213) boot: Loaded app from partition at offset 0x10000[0m
[0;32mI (213) boot: Disabling RNG early entropy source...[0m
[0;32mI (229) cpu_start: Unicore app[0m
[0;32mI (229) cpu_start: Pro cpu up.[0m
[0;32mI (239) cpu_start: Pro cpu start user code[0m
[0;32mI (239) cpu_start: cpu freq: 160000000[0m
[0;32mI (239) cpu_start: Application information:[0m
[0;32mI (242) cpu_start: Project name:     libespidf[0m
[0;32mI (247) cpu_start: App version:      1[0m
[0;32mI (251) cpu_start: Compile time:     Nov 14 2023 16:27:49[0m
[0;32mI (257) cpu_start: ELF file SHA256:  0000000000000000...[0m
[0;32mI (263) cpu_start: ESP-IDF:          v4.4.6-dirty[0m
[0;32mI (269) cpu_start: Min chip rev:     v0.3[0m
[0;32mI (273) cpu_start: Max chip rev:     v0.99 [0m
[0;32mI (278) cpu_start: Chip rev:         v0.4[0m
[0;32mI (283) heap_init: Initializing. RAM available for dynamic allocation:[0m
[0;32mI (290) heap_init: At 3FC8DDA0 len 0004E970 (314 KiB): DRAM[0m
[0;32mI (296) heap_init: At 3FCDC710 len 00002950 (10 KiB): STACK/DRAM[0m
[0;32mI (303) heap_init: At 50000020 len 00001FE0 (7 KiB): RTCRAM[0m
[0;32mI (310) spi_flash: detected chip: generic[0m
[0;32mI (314) spi_flash: flash io: dio[0m
[0;32mI (319) sleep: Configure to isolate all GPIO pins in sleep state[0m
[0;32mI (325) sleep: Enable automatic switching of GPIO sleep configuration[0m
[0;32mI (332) cpu_start: Starting scheduler.[0m
[0;32mI (337) rust_esp32_std_spi_ili: machine: "orc" -> display spi ili[0m
[0;33mW (337) rust_esp32_std_spi_ili: ### SPI peripherals[0m
[0;33mW (347) rust_esp32_std_spi_ili: ### SPI pins[0m
[0;32mI (347) gpio: GPIO[3]| InputEn: 0| OutputEn: 0| OpenDrain: 0| Pullup: 1| Pulldown: 0| Intr:0 [0m
[0;33mW (357) rust_esp32_std_spi_ili: ### SPI backlight[0m
[0;32mI (367) gpio: GPIO[5]| InputEn: 0| OutputEn: 0| OpenDrain: 0| Pullup: 1| Pulldown: 0| Intr:0 [0m
[0;33mW (377) rust_esp32_std_spi_ili: ### PinDriver BACK_LIGHT set_high()[0m
[0;33mW (377) rust_esp32_std_spi_ili: ### SPI SpiDeviceDriver.new_single() OK[0m
[0;32mI (387) gpio: GPIO[4]| InputEn: 0| OutputEn: 0| OpenDrain: 0| Pullup: 1| Pulldown: 0| Intr:0 [0m
[0;33mW (397) rust_esp32_std_spi_ili: ### PinDriver RST set_high()[0m
[0;33mW (407) rust_esp32_std_spi_ili: ### MIPI init[0m
[0;33mW (677) rust_esp32_std_spi_ili: ### display_spi: clear[0m
[0;33mW (1087) rust_esp32_std_spi_ili: ### display_spi: draw[0m
[0;32mI (1097) gpio: GPIO[9]| InputEn: 0| OutputEn: 0| OpenDrain: 0| Pullup: 1| Pulldown: 0| Intr:0 [0m
[0;32mI (1097) gpio: GPIO[1]| InputEn: 0| OutputEn: 0| OpenDrain: 0| Pullup: 1| Pulldown: 0| Intr:0 [0m
[0;32mI (1097) gpio: GPIO[0]| InputEn: 0| OutputEn: 0| OpenDrain: 0| Pullup: 1| Pulldown: 0| Intr:0 [0m
[0;32mI (1107) gpio: GPIO[3]| InputEn: 0| OutputEn: 0| OpenDrain: 0| Pullup: 1| Pulldown: 0| Intr:0 [0m
[0;32mI (1117) gpio: GPIO[4]| InputEn: 0| OutputEn: 0| OpenDrain: 0| Pullup: 1| Pulldown: 0| Intr:0 [0m
[0;32mI (1127) gpio: GPIO[5]| InputEn: 0| OutputEn: 0| OpenDrain: 0| Pullup: 1| Pulldown: 0| Intr:0 [0m
ESP-ROM:esp32c3-api1-20210207
Build:Feb  7 2021
rst:0x15 (USB_UART_CHIP_RESET),boot:0xc (SPI_FAST_FLASH_BOOT)
Saved PC:0x4203ecfe[38;5;11m
0x4203ecfe - cpu_ll_waiti
    at /home/conan/.espressif/esp-idf/v4.4.6/components/hal/esp32c3/include/hal/cpu_ll.h:204[39m
SPIWP:0xee
mode:DIO, clock div:2
load:0x3fcd5810,len:0x168c[38;5;11m
0x3fcd5810 - _heap_start
    at ??:??[39m
load:0x403cc710,len:0x934[38;5;11m
0x403cc710 - _iram_text_end
    at ??:??[39m
load:0x403ce710,len:0x2e48[38;5;11m
0x403ce710 - _iram_text_end
    at ??:??[39m
SHA-256 comparison failed:
Calculated: 05dc74228cdf2cfd2dba4e3ce00e57b5dce26de861d9173e11e8bc21966e6f17
Expected: 22e221d6387298a1f81392afc0ccadd346fa6737a6a0b8b8659d2e1a13db4841
Attempting to boot anyway...
entry 0x403cc710[38;5;11m
0x403cc710 - _iram_text_end
    at ??:??[39m
[0;32mI (43) boot: ESP-IDF v4.4.6-dirty 2nd stage bootloader[0m
[0;32mI (43) boot: compile time 16:28:00[0m
[0;32mI (43) boot: chip revision: v0.4[0m
[0;32mI (45) boot.esp32c3: SPI Speed      : 40MHz[0m
[0;32mI (50) boot.esp32c3: SPI Mode       : DIO[0m
[0;32mI (55) boot.esp32c3: SPI Flash Size : 4MB[0m
[0;32mI (59) boot: Enabling RNG early entropy source...[0m
[0;32mI (65) boot: Partition Table:[0m
[0;32mI (68) boot: ## Label            Usage          Type ST Offset   Length[0m
[0;32mI (76) boot:  0 nvs              WiFi data        01 02 00009000 00006000[0m
[0;32mI (83) boot:  1 phy_init         RF data          01 01 0000f000 00001000[0m
[0;32mI (91) boot:  2 factory          factory app      00 00 00010000 00100000[0m
[0;32mI (98) boot: End of partition table[0m
[0;32mI (102) esp_image: segment 0: paddr=00010020 vaddr=3c050020 size=13c78h ( 81016) map[0m
[0;32mI (128) esp_image: segment 1: paddr=00023ca0 vaddr=3fc8bc00 size=01014h (  4116) load[0m
[0;32mI (129) esp_image: segment 2: paddr=00024cbc vaddr=40380000 size=0b35ch ( 45916) load[0m
[0;32mI (145) esp_image: segment 3: paddr=00030020 vaddr=42000020 size=49fb4h (303028) map[0m
[0;32mI (209) esp_image: segment 4: paddr=00079fdc vaddr=4038b35c size=007d8h (  2008) load[0m
[0;32mI (213) boot: Loaded app from partition at offset 0x10000[0m
[0;32mI (213) boot: Disabling RNG early entropy source...[0m
[0;32mI (229) cpu_start: Unicore app[0m
[0;32mI (229) cpu_start: Pro cpu up.[0m
[0;32mI (239) cpu_start: Pro cpu start user code[0m
[0;32mI (239) cpu_start: cpu freq: 160000000[0m
[0;32mI (239) cpu_start: Application information:[0m
[0;32mI (242) cpu_start: Project name:     libespidf[0m
[0;32mI (247) cpu_start: App version:      1[0m
[0;32mI (251) cpu_start: Compile time:     Nov 14 2023 16:27:49[0m
[0;32mI (257) cpu_start: ELF file SHA256:  0000000000000000...[0m
[0;32mI (263) cpu_start: ESP-IDF:          v4.4.6-dirty[0m
[0;32mI (269) cpu_start: Min chip rev:     v0.3[0m
[0;32mI (273) cpu_start: Max chip rev:     v0.99 [0m
[0;32mI (278) cpu_start: Chip rev:         v0.4[0m
[0;32mI (283) heap_init: Initializing. RAM available for dynamic allocation:[0m
[0;32mI (290) heap_init: At 3FC8DDA0 len 0004E970 (314 KiB): DRAM[0m
[0;32mI (296) heap_init: At 3FCDC710 len 00002950 (10 KiB): STACK/DRAM[0m
[0;32mI (303) heap_init: At 50000020 len 00001FE0 (7 KiB): RTCRAM[0m
[0;32mI (310) spi_flash: detected chip: generic[0m
[0;32mI (314) spi_flash: flash io: dio[0m
[0;32mI (319) sleep: Configure to isolate all GPIO pins in sleep state[0m
[0;32mI (325) sleep: Enable automatic switching of GPIO sleep configuration[0m
[0;32mI (332) cpu_start: Starting scheduler.[0m
[0;32mI (337) rust_esp32_std_spi_ili: machine: "orc" -> display spi ili[0m
[0;33mW (337) rust_esp32_std_spi_ili: ### SPI peripherals[0m
[0;33mW (347) rust_esp32_std_spi_ili: ### SPI pins[0m
[0;32mI (347) gpio: GPIO[3]| InputEn: 0| OutputEn: 0| OpenDrain: 0| Pullup: 1| Pulldown: 0| Intr:0 [0m
[0;33mW (357) rust_esp32_std_spi_ili: ### SPI backlight[0m
[0;32mI (367) gpio: GPIO[5]| InputEn: 0| OutputEn: 0| OpenDrain: 0| Pullup: 1| Pulldown: 0| Intr:0 [0m
[0;33mW (377) rust_esp32_std_spi_ili: ### PinDriver BACK_LIGHT set_high()[0m
[0;33mW (377) rust_esp32_std_spi_ili: ### SPI SpiDeviceDriver.new_single() OK[0m
[0;32mI (387) gpio: GPIO[4]| InputEn: 0| OutputEn: 0| OpenDrain: 0| Pullup: 1| Pulldown: 0| Intr:0 [0m
[0;33mW (397) rust_esp32_std_spi_ili: ### PinDriver RST set_high()[0m
[0;33mW (407) rust_esp32_std_spi_ili: ### MIPI init[0m
[0;33mW (677) rust_esp32_std_spi_ili: ### display_spi: clear[0m
[0;33mW (1087) rust_esp32_std_spi_ili: ### display_spi: draw[0m
[0;32mI (1097) gpio: GPIO[9]| InputEn: 0| OutputEn: 0| OpenDrain: 0| Pullup: 1| Pulldown: 0| Intr:0 [0m
[0;32mI (1097) gpio: GPIO[1]| InputEn: 0| OutputEn: 0| OpenDrain: 0| Pullup: 1| Pulldown: 0| Intr:0 [0m
[0;32mI (1097) gpio: GPIO[0]| InputEn: 0| OutputEn: 0| OpenDrain: 0| Pullup: 1| Pulldown: 0| Intr:0 [0m
[0;32mI (1107) gpio: GPIO[3]| InputEn: 0| OutputEn: 0| OpenDrain: 0| Pullup: 1| Pulldown: 0| Intr:0 [0m
[0;32mI (1117) gpio: GPIO[4]| InputEn: 0| OutputEn: 0| OpenDrain: 0| Pullup: 1| Pulldown: 0| Intr:0 [0m
[0;32mI (1127) gpio: GPIO[5]| InputEn: 0| OutputEn: 0| OpenDrain: 0| Pullup: 1| Pulldown: 0| Intr:0 [0m
