orc conan@spongebob:~/git/srbpavel/rust_esp32_std_spi_ili$ cargo espflash flash --release --monitor --port /dev/ttyACM2
[2023-11-15T08:20:06Z INFO ] Serial port: '/dev/ttyACM2'
[2023-11-15T08:20:06Z INFO ] Connecting...
[2023-11-15T08:20:07Z INFO ] Using flash stub
    Finished release [optimized] target(s) in 0.12s
Chip type:         esp32c3 (revision v0.4)
Crystal frequency: 40MHz
Flash size:        4MB
Features:          WiFi, BLE
MAC address:       64:e8:33:d7:e8:30
Bootloader:        /home/conan/git/srbpavel/rust_esp32_std_spi_ili/target/riscv32imc-esp-espidf/release/build/esp-idf-sys-0f1779134d1933cb/out/build/bootloader/bootloader.bin
Partition table:   /home/conan/git/srbpavel/rust_esp32_std_spi_ili/target/riscv32imc-esp-espidf/release/build/esp-idf-sys-0f1779134d1933cb/out/build/partition_table/partition-table.bin
App/part. size:    436,160/1,048,576 bytes, 41.60%
[00:00:00] [========================================]      12/12      0x0                                                                                                                     [00:00:00] [========================================]       1/1       0x8000                                                                                                                  [00:00:03] [========================================]     240/240     0x10000                                                                                                                 [2023-11-15T08:20:11Z INFO ] Flashing has completed!
Commands:
    CTRL+R    Reset chip
    CTRL+C    Exit

ESP-ROM:esp32c3-api1-20210207
Build:Feb  7 2021
rst:0x15 (USB_UART_CHIP_RESET),boot:0xc (SPI_FAST_FLASH_BOOT)
Saved PC:0x40380832
0x40380832 - spi_intr
    at /home/conan/.espressif/esp-idf/v4.4.6/components/driver/spi_master.c:621
SPIWP:0xee
mode:DIO, clock div:2
load:0x3fcd5810,len:0x168c
0x3fcd5810 - _heap_start
    at ??:??
load:0x403cc710,len:0x934
0x403cc710 - _iram_bss_end
    at ??:??
load:0x403ce710,len:0x2e48
0x403ce710 - _iram_bss_end
    at ??:??
SHA-256 comparison failed:
Calculated: 05dc74228cdf2cfd2dba4e3ce00e57b5dce26de861d9173e11e8bc21966e6f17
Expected: 22e221d6387298a1f81392afc0ccadd346fa6737a6a0b8b8659d2e1a13db4841
Attempting to boot anyway...
entry 0x403cc710
0x403cc710 - _iram_bss_end
    at ??:??
I (43) boot: ESP-IDF v4.4.6-dirty 2nd stage bootloader
I (43) boot: compile time 16:28:00
I (43) boot: chip revision: v0.4
I (45) boot.esp32c3: SPI Speed      : 40MHz
I (50) boot.esp32c3: SPI Mode       : DIO
I (55) boot.esp32c3: SPI Flash Size : 4MB
I (59) boot: Enabling RNG early entropy source...
I (65) boot: Partition Table:
I (68) boot: ## Label            Usage          Type ST Offset   Length
I (76) boot:  0 nvs              WiFi data        01 02 00009000 00006000
I (83) boot:  1 phy_init         RF data          01 01 0000f000 00001000
I (91) boot:  2 factory          factory app      00 00 00010000 00100000
I (98) boot: End of partition table
I (102) esp_image: segment 0: paddr=00010020 vaddr=3c050020 size=13c98h ( 81048) map
I (128) esp_image: segment 1: paddr=00023cc0 vaddr=3fc8bc00 size=01014h (  4116) load
I (129) esp_image: segment 2: paddr=00024cdc vaddr=40380000 size=0b33ch ( 45884) load
I (145) esp_image: segment 3: paddr=00030020 vaddr=42000020 size=49f78h (302968) map
I (208) esp_image: segment 4: paddr=00079fa0 vaddr=4038b33c size=007f8h (  2040) load
I (213) boot: Loaded app from partition at offset 0x10000
I (213) boot: Disabling RNG early entropy source...
I (229) cpu_start: Unicore app
I (229) cpu_start: Pro cpu up.
I (239) cpu_start: Pro cpu start user code
I (239) cpu_start: cpu freq: 160000000
I (239) cpu_start: Application information:
I (242) cpu_start: Project name:     libespidf
I (247) cpu_start: App version:      1
I (251) cpu_start: Compile time:     Nov 14 2023 16:27:49
I (257) cpu_start: ELF file SHA256:  0000000000000000...
I (263) cpu_start: ESP-IDF:          v4.4.6-dirty
I (269) cpu_start: Min chip rev:     v0.3
I (273) cpu_start: Max chip rev:     v0.99 
I (278) cpu_start: Chip rev:         v0.4
I (283) heap_init: Initializing. RAM available for dynamic allocation:
I (290) heap_init: At 3FC8DDA0 len 0004E970 (314 KiB): DRAM
I (296) heap_init: At 3FCDC710 len 00002950 (10 KiB): STACK/DRAM
I (303) heap_init: At 50000020 len 00001FE0 (7 KiB): RTCRAM
I (310) spi_flash: detected chip: generic
I (314) spi_flash: flash io: dio
I (319) sleep: Configure to isolate all GPIO pins in sleep state
I (325) sleep: Enable automatic switching of GPIO sleep configuration
I (332) cpu_start: Starting scheduler.
I (337) rust_esp32_std_spi_ili: machine: "orc" -> rust_esp32_std_spi_ili
W (337) rust_esp32_std_spi_ili: ### SPI peripherals
W (347) rust_esp32_std_spi_ili: ### pins
W (347) rust_esp32_std_spi_ili: ### PinDriver DC: gpio3
I (357) gpio: GPIO[3]| InputEn: 0| OutputEn: 0| OpenDrain: 0| Pullup: 1| Pulldown: 0| Intr:0 
W (367) rust_esp32_std_spi_ili: ### PinDriver BACKLIGHT: gpio5
I (367) gpio: GPIO[5]| InputEn: 0| OutputEn: 0| OpenDrain: 0| Pullup: 1| Pulldown: 0| Intr:0 
W (377) rust_esp32_std_spi_ili: ### PinDriver BACKLIGHT set_high()
W (387) rust_esp32_std_spi_ili: ### SPI SpiDeviceDriver.new_single() OK
W (397) rust_esp32_std_spi_ili: ### PinDriver RST: gpio4
I (397) gpio: GPIO[4]| InputEn: 0| OutputEn: 0| OpenDrain: 0| Pullup: 1| Pulldown: 0| Intr:0 
W (407) rust_esp32_std_spi_ili: ### PinDriver RST set_high()
W (417) rust_esp32_std_spi_ili: ### MIPI init
W (687) rust_esp32_std_spi_ili: ### display_spi: clear
W (1097) rust_esp32_std_spi_ili: ### display_spi: draw
I (1107) gpio: GPIO[9]| InputEn: 0| OutputEn: 0| OpenDrain: 0| Pullup: 1| Pulldown: 0| Intr:0 
I (1107) gpio: GPIO[1]| InputEn: 0| OutputEn: 0| OpenDrain: 0| Pullup: 1| Pulldown: 0| Intr:0 
I (1117) gpio: GPIO[0]| InputEn: 0| OutputEn: 0| OpenDrain: 0| Pullup: 1| Pulldown: 0| Intr:0 
I (1127) gpio: GPIO[3]| InputEn: 0| OutputEn: 0| OpenDrain: 0| Pullup: 1| Pulldown: 0| Intr:0 
I (1137) gpio: GPIO[4]| InputEn: 0| OutputEn: 0| OpenDrain: 0| Pullup: 1| Pulldown: 0| Intr:0 
I (1147) gpio: GPIO[5]| InputEn: 0| OutputEn: 0| OpenDrain: 0| Pullup: 1| Pulldown: 0| Intr:0
